Microchip MPLAB XC8 Compiler V2.40

Linker command line:

-W-3 \
  --edf=C:\Program Files\Microchip\xc8\v2.40\pic\dat\20220703182018_en.msgs \
  -cn -h+dist/default/production\Master.X.production.sym \
  --cmf=dist/default/production\Master.X.production.cmf -z -Q16F887 \
  -oC:\Users\carlo\AppData\Local\Temp\xcAspb4.4 --defsym=__MPLAB_BUILD=1 \
  --fixupoverflow=error -Mdist/default/production/Master.X.production.map \
  --md=C:\Users\carlo\AppData\Local\Temp\xcAspb4.dat -E1 -ver=XC8 Compiler \
  --acfsm=1493 -ACODE=00h-07FFhx4 -ASTRCODE=00h-01FFFh -ASTRING=00h-0FFhx32 \
  -ACONST=00h-0FFhx32 -AENTRY=00h-0FFhx32 -ACOMMON=070h-07Fh \
  -ABANK0=020h-06Fh -ABANK1=0A0h-0EFh -ABANK2=0110h-016Fh \
  -ABANK3=0190h-01EFh -ARAM=020h-06Fh,0A0h-0EFh,0110h-016Fh,0190h-01EFh \
  -AABS1=020h-07Fh,0A0h-0EFh,0110h-016Fh,0190h-01EFh -ASFR0=00h-01Fh \
  -ASFR1=080h-09Fh -ASFR2=0100h-010Fh -ASFR3=0180h-018Fh \
  -ACONFIG=02007h-02008h -DCONFIG=2 -AIDLOC=02000h-02003h -DIDLOC=2 \
  -AEEDATA=00h-0FFh/02100h -peeprom_data=EEDATA -DEEDATA=2 -DCODE=2 \
  -DSTRCODE=2 -DSTRING=2 -DCONST=2 -DENTRY=2 \
  -preset_vec=00h,intentry=04h,init,end_init -ppowerup=CODE -pcinit=CODE \
  -pfunctab=ENTRY -k C:\Users\carlo\AppData\Local\Temp\xcAspb4.o \
  dist/default/production\Master.X.production.o 

Object code version is 3.11

Machine type is 16F887



                Name                               Link     Load   Length Selector   Space Scale
C:\Users\carlo\AppData\Local\Temp\xcAspb4.o
                end_init                              C        C        3        8       0
                reset_vec                             0        0        3        0       0
                config                             2007     2007        2        0       4
                idloc                              2000     2000        4        0       5
dist/default/production\Master.X.production.o
                cinit                                 F        F        F        8       0
                intentry                              4        4        8        8       0
                config                             2007     2007        2        0       4
                idloc                              2000     2000        4        0       5
                text19                              45E      45E       29        8       0
                text18                              521      521        D      9D4       0
                text17                              430      430       2E        8       0
                text16                              541      541        9      9D4       0
                text15                              538      538        9      9D4       0
                text14                              52E      52E        A      9D4       0
                text13                              4AC      4AC       22        8       0
                text12                              4EA      4EA       1A      9D4       0
                text11                              514      514        D      9D4       0
                text10                              267      267       5D        8       0
                text9                               2C4      2C4       4C        8       0
                text8                               3C8      3C8       35        8       0
                text7                               487      487       25        8       0
                text6                               310      310       44        8       0
                text5                               354      354       3C        8       0
                text4                               504      504       10      9D4       0
                text3                               1FF      1FF       68        8       0
                text2                               390      390       38        8       0
                text1                               3FD      3FD       33        8       0
                maintext                             1E       1E      1E1        8       0
                cstackBANK0                          3C       3C       11       20       1
                cstackCOMMON                         70       70        A       70       1
                clrtext                             54A      54A        8      9D4       0
                bssBANK0                             20       20       1C       20       1
                bssCOMMON                            7A       7A        2       70       1
                strings                             4CE      4CE       1C      99C       0

TOTAL           Name                               Link     Load   Length     Space
        CLASS   CODE           
                end_init                              C        C        3         0
                cinit                                 F        F        F         0
                intentry                              4        4        8         0
                reset_vec                             0        0        3         0
                text19                              45E      45E       29         0
                text18                              521      521        D         0
                text17                              430      430       2E         0
                text16                              541      541        9         0
                text15                              538      538        9         0
                text14                              52E      52E        A         0
                text13                              4AC      4AC       22         0
                text12                              4EA      4EA       1A         0
                text11                              514      514        D         0
                text10                              267      267       5D         0
                text9                               2C4      2C4       4C         0
                text8                               3C8      3C8       35         0
                text7                               487      487       25         0
                text6                               310      310       44         0
                text5                               354      354       3C         0
                text4                               504      504       10         0
                text3                               1FF      1FF       68         0
                text2                               390      390       38         0
                text1                               3FD      3FD       33         0
                maintext                             1E       1E      1E1         0
                clrtext                             54A      54A        8         0

        CLASS   STRCODE        

        CLASS   STRING         
                strings                             4CE      4CE       1C         0

        CLASS   CONST          

        CLASS   ENTRY          

        CLASS   COMMON         
                cstackCOMMON                         70       70        A         1
                bssCOMMON                            7A       7A        2         1

        CLASS   BANK0          
                cstackBANK0                          3C       3C       11         1
                bssBANK0                             20       20       1C         1

        CLASS   BANK1          

        CLASS   BANK2          

        CLASS   BANK3          

        CLASS   RAM            

        CLASS   ABS1           
                abs_s1                               7E       7E        2         1

        CLASS   SFR0           

        CLASS   SFR1           

        CLASS   SFR2           

        CLASS   SFR3           

        CLASS   CONFIG         
                config                             2007     2007        2         4

        CLASS   IDLOC          
                idloc                              2000     2000        4         5

        CLASS   EEDATA         

        CLASS   STACK          



SEGMENTS        Name                           Load    Length   Top    Selector   Space  Class     Delta

                reset_vec                      000000  000003  000003         0       0  CODE        2
                intentry                       000004  0004CA  0004CE         8       0  CODE        2
                bssBANK0                       000020  00002D  00004D        20       1  BANK0       1
                cstackCOMMON                   000070  00000C  00007C        70       1  COMMON      1
                strings                        0004CE  00001C  0004EA       99C       0  STRING      2
                text12                         0004EA  000068  000552       9D4       0  CODE        2


UNUSED ADDRESS RANGES

        Name                Unused          Largest block    Delta
        BANK0            004D-006F             23           1
        BANK1            00A0-00EF             50           1
        BANK2            0110-016F             60           1
        BANK3            0190-01EF             60           1
        CODE             0003-0003              1           2
                         0552-1FFF            800
        COMMON           007C-007D              2           1
        CONST            0003-0003              1           2
                         0552-1FFF            100
        EEDATA           2100-21FF            100           2
        ENTRY            0003-0003              1           2
                         0552-1FFF            100
        RAM              004D-006F             23           1
                         00A0-00EF             50
                         0110-016F             60
                         0190-01EF             60
        SFR0             0000-001F             20           1
        SFR1             0080-009F             20           1
        SFR2             0100-010F             10           1
        SFR3             0180-018F             10           1
        STRCODE          0003-0003              1           2
                         0552-1FFF           1AAE
        STRING           0003-0003              1           2
                         0552-1FFF            100

                                  Symbol Table

?_I2C_Master_Read         cstackCOMMON 0072
?___lldiv                 cstackCOMMON 0072
?___lwdiv                 cstackCOMMON 0072
?___lwmod                 cstackBANK0  003C
I2C_Master_Init@c         cstackBANK0  0042
I2C_Master_Read@a         cstackCOMMON 0072
I2C_Master_Read@temp      cstackCOMMON 0076
I2C_Master_Write@d        cstackCOMMON 0072
Lcd_Cmd@a                 cstackCOMMON 0075
Lcd_Port@a                cstackCOMMON 0072
Lcd_Set_Cursor@a          cstackBANK0  003C
Lcd_Set_Cursor@b          cstackCOMMON 0076
Lcd_Set_Cursor@temp       cstackBANK0  003F
Lcd_Set_Cursor@y          cstackBANK0  003E
Lcd_Set_Cursor@z          cstackBANK0  003D
Lcd_Write_Char@a          cstackCOMMON 0076
Lcd_Write_Char@temp       cstackCOMMON 0074
Lcd_Write_Char@y          cstackCOMMON 0075
Lcd_Write_String@a        cstackCOMMON 0079
Lcd_Write_String@i        cstackCOMMON 0077
_ANSEL                    (abs)        0188
_ANSELH                   (abs)        0189
_GIE                      (abs)        005F
_I2C_Master_Init          text2        0390
_I2C_Master_Read          text17       0430
_I2C_Master_Start         text16       0541
_I2C_Master_Stop          text15       0538
_I2C_Master_Wait          text18       0521
_I2C_Master_Write         text14       052E
_INTCONbits               (abs)        000B
_Lcd_Clear                text11       0514
_Lcd_Cmd                  text12       04EA
_Lcd_Init                 text10       0267
_Lcd_Port                 text13       04AC
_Lcd_Set_Cursor           text9        02C4
_Lcd_Write_Char           text8        03C8
_Lcd_Write_String         text7        0487
_OSCCONbits               (abs)        008F
_PEIE                     (abs)        005E
_PIE1bits                 (abs)        008C
_PIR1bits                 (abs)        000C
_PORTA                    (abs)        0005
_PORTB                    (abs)        0006
_PORTBbits                (abs)        0006
_PORTD                    (abs)        0008
_PORTDbits                (abs)        0008
_PORTE                    (abs)        0009
_RCSTAbits                (abs)        0018
_RD3                      (abs)        0043
_RD4                      (abs)        0044
_RD5                      (abs)        0045
_RD6                      (abs)        0046
_RD7                      (abs)        0047
_SPBRG                    (abs)        0099
_SSPADD                   (abs)        0093
_SSPBUF                   (abs)        0013
_SSPCON                   (abs)        0014
_SSPCON2                  (abs)        0091
_SSPCON2bits              (abs)        0091
_SSPIE                    (abs)        0463
_SSPIF                    (abs)        0063
_SSPSTAT                  (abs)        0094
_TMR0                     (abs)        0001
_TRISA                    (abs)        0085
_TRISB                    (abs)        0086
_TRISC3                   (abs)        043B
_TRISC4                   (abs)        043C
_TRISCbits                (abs)        0087
_TRISD                    (abs)        0088
_TRISE                    (abs)        0089
_TXREG                    (abs)        0019
_TXSTAbits                (abs)        0098
__Habs1                   abs1         0000
__Hbank0                  bank0        0000
__Hbank1                  bank1        0000
__Hbank2                  bank2        0000
__Hbank3                  bank3        0000
__HbssBANK0               bssBANK0     0000
__HbssCOMMON              bssCOMMON    0000
__Hcinit                  cinit        001E
__Hclrtext                clrtext      0000
__Hcode                   code         0000
__Hcommon                 common       0000
__Hconfig                 config       2009
__HcstackBANK0            cstackBANK0  0000
__HcstackCOMMON           cstackCOMMON 0000
__Heeprom_data            eeprom_data  0000
__Hend_init               end_init     000F
__Hfunctab                functab      0000
__Hidloc                  idloc        2004
__Hinit                   init         000C
__Hintentry               intentry     000C
__Hmaintext               maintext     0000
__Hpowerup                powerup      0000
__Hram                    ram          0000
__Hreset_vec              reset_vec    0003
__Hsfr0                   sfr0         0000
__Hsfr1                   sfr1         0000
__Hsfr2                   sfr2         0000
__Hsfr3                   sfr3         0000
__Hspace_0                (abs)        0552
__Hspace_1                (abs)        007C
__Hspace_2                (abs)        0000
__Hspace_3                (abs)        0000
__Hspace_4                (abs)        4010
__Hstack                  stack        0000
__Hstrings                strings      0000
__Htext                   text         0000
__Labs1                   abs1         0000
__Lbank0                  bank0        0000
__Lbank1                  bank1        0000
__Lbank2                  bank2        0000
__Lbank3                  bank3        0000
__LbssBANK0               bssBANK0     0000
__LbssCOMMON              bssCOMMON    0000
__Lcinit                  cinit        000F
__Lclrtext                clrtext      0000
__Lcode                   code         0000
__Lcommon                 common       0000
__Lconfig                 config       0000
__LcstackBANK0            cstackBANK0  0000
__LcstackCOMMON           cstackCOMMON 0000
__Leeprom_data            eeprom_data  0000
__Lend_init               end_init     000C
__Lfunctab                functab      0000
__Lidloc                  idloc        0000
__Linit                   init         000C
__Lintentry               intentry     0004
__Lmaintext               maintext     0000
__Lpowerup                powerup      0000
__Lram                    ram          0000
__Lreset_vec              reset_vec    0000
__Lsfr0                   sfr0         0000
__Lsfr1                   sfr1         0000
__Lsfr2                   sfr2         0000
__Lsfr3                   sfr3         0000
__Lspace_0                (abs)        0000
__Lspace_1                (abs)        0000
__Lspace_2                (abs)        0000
__Lspace_3                (abs)        0000
__Lspace_4                (abs)        0000
__Lstack                  stack        0000
__Lstrings                strings      0000
__Ltext                   text         0000
__S0                      (abs)        0552
__S1                      (abs)        007C
__S3                      (abs)        0000
___int_sp                 stack        0000
___latbits                (abs)        0002
___lldiv                  text3        01FF
___lldiv@counter          cstackBANK0  0041
___lldiv@dividend         cstackCOMMON 0076
___lldiv@divisor          cstackCOMMON 0072
___lldiv@quotient         cstackBANK0  003D
___lwdiv                  text6        0310
___lwdiv@counter          cstackCOMMON 0079
___lwdiv@dividend         cstackCOMMON 0074
___lwdiv@divisor          cstackCOMMON 0072
___lwdiv@quotient         cstackCOMMON 0077
___lwmod                  text5        0354
___lwmod@counter          cstackBANK0  0041
___lwmod@dividend         cstackBANK0  003E
___lwmod@divisor          cstackBANK0  003C
___sp                     stack        0000
___stackhi                (abs)        0000
___stacklo                (abs)        0000
__end_of_I2C_Master_Init  text2        03C8
__end_of_I2C_Master_Read  text17       045E
__end_of_I2C_Master_Start text16       054A
__end_of_I2C_Master_Stop  text15       0541
__end_of_I2C_Master_Wait  text18       052E
__end_of_I2C_Master_Write text14       0538
__end_of_Lcd_Clear        text11       0521
__end_of_Lcd_Cmd          text12       0504
__end_of_Lcd_Init         text10       02C4
__end_of_Lcd_Port         text13       04CE
__end_of_Lcd_Set_Cursor   text9        0310
__end_of_Lcd_Write_Char   text8        03FD
__end_of_Lcd_Write_String text7        04AC
__end_of___lldiv          text3        0267
__end_of___lwdiv          text6        0354
__end_of___lwmod          text5        0390
__end_of__initialization  cinit        001A
__end_of__stringtab       strings      04D4
__end_of_initUART         text4        0514
__end_of_isr              text19       0487
__end_of_main             maintext     01FF
__end_of_setup            text1        0430
__initialization          cinit        000F
__pbssBANK0               bssBANK0     0020
__pbssCOMMON              bssCOMMON    007A
__pcstackBANK0            cstackBANK0  003C
__pcstackCOMMON           cstackCOMMON 0070
__pintentry               intentry     0004
__pmaintext               maintext     001E
__pstrings                strings      04CE
__ptext1                  text1        03FD
__ptext10                 text10       0267
__ptext11                 text11       0514
__ptext12                 text12       04EA
__ptext13                 text13       04AC
__ptext14                 text14       052E
__ptext15                 text15       0538
__ptext16                 text16       0541
__ptext17                 text17       0430
__ptext18                 text18       0521
__ptext19                 text19       045E
__ptext2                  text2        0390
__ptext3                  text3        01FF
__ptext4                  text4        0504
__ptext5                  text5        0354
__ptext6                  text6        0310
__ptext7                  text7        0487
__ptext8                  text8        03C8
__ptext9                  text9        02C4
__stringbase              strings      04D3
__stringtab               strings      04CE
_espacios                 bssBANK0     0036
_espacios_comp            bssBANK0     0034
_flag                     bssBANK0     0030
_i                        bssBANK0     002E
_initUART                 text4        0504
_isr                      text19       045E
_main                     maintext     001E
_ones                     bssBANK0     003A
_proximidad               bssBANK0     0038
_setup                    text1        03FD
_temperatura              bssBANK0     0032
_tens                     bssBANK0     003B
btemp                     (abs)        007E
clear_ram0                clrtext      054A
end_of_initialization     cinit        001A
interrupt_function        intentry     0004
intlevel0                 functab      0000
intlevel1                 functab      0000
intlevel2                 functab      0000
intlevel3                 functab      0000
intlevel4                 functab      0000
intlevel5                 functab      0000
reset_vec                 reset_vec    0000
saved_w                   (abs)        007E
start                     init         000C
start_initialization      cinit        000F
wtemp0                    (abs)        007E


MODULE INFORMATION

Module		Function		Class		Link	Load	Size
C:\Program Files\Microchip\xc8\v2.40\pic\sources\c90\common\__lldiv.c
		___lldiv       		CODE           	01FF	0000	104

C:\Program Files\Microchip\xc8\v2.40\pic\sources\c90\common\__lldiv.c estimated size: 104

C:\Program Files\Microchip\xc8\v2.40\pic\sources\c90\common\lwmod.c
		___lwmod       		CODE           	0354	0000	60

C:\Program Files\Microchip\xc8\v2.40\pic\sources\c90\common\lwmod.c estimated size: 60

shared
		__stringtab    		STRING         	04CE	0000	6
		__initialization		CODE           	000F	0000	11

shared estimated size: 17

IIC.c
		_I2C_Master_Read		CODE           	0430	0000	46
		_I2C_Master_Wait		CODE           	0521	0000	13
		_I2C_Master_Init		CODE           	0390	0000	56
		_I2C_Master_Stop		CODE           	0538	0000	9
		_I2C_Master_Write		CODE           	052E	0000	10
		_I2C_Master_Start		CODE           	0541	0000	9

IIC.c estimated size: 143

main.c
		_main          		CODE           	001E	0000	481
		_initUART      		CODE           	0504	0000	16
		_isr           		CODE           	045E	0000	41
		_setup         		CODE           	03FD	0000	51

main.c estimated size: 589

C:\Program Files\Microchip\xc8\v2.40\pic\sources\c90\common\lwdiv.c
		___lwdiv       		CODE           	0310	0000	68

C:\Program Files\Microchip\xc8\v2.40\pic\sources\c90\common\lwdiv.c estimated size: 68

LCD.c
		_Lcd_Write_String		CODE           	0487	0000	37
		_Lcd_Init      		CODE           	0267	0000	93
		_Lcd_Write_Char		CODE           	03C8	0000	53
		_Lcd_Cmd       		CODE           	04EA	0000	26
		_Lcd_Set_Cursor		CODE           	02C4	0000	76
		_Lcd_Clear     		CODE           	0514	0000	13
		_Lcd_Port      		CODE           	04AC	0000	34

LCD.c estimated size: 332

