Microchip MPLAB XC8 Compiler V2.40

Linker command line:

-W-3 \
  --edf=C:\Program Files\Microchip\xc8\v2.40\pic\dat\20220703182018_en.msgs \
  -cn -h+dist/default/production\Master.X.production.sym \
  --cmf=dist/default/production\Master.X.production.cmf -z -Q16F887 \
  -oC:\Users\carlo\AppData\Local\Temp\xcAsplc.4 --defsym=__MPLAB_BUILD=1 \
  --fixupoverflow=error -Mdist/default/production/Master.X.production.map \
  --md=C:\Users\carlo\AppData\Local\Temp\xcAsplc.dat -E1 -ver=XC8 Compiler \
  --acfsm=1493 -ACODE=00h-07FFhx4 -ASTRCODE=00h-01FFFh -ASTRING=00h-0FFhx32 \
  -ACONST=00h-0FFhx32 -AENTRY=00h-0FFhx32 -ACOMMON=070h-07Fh \
  -ABANK0=020h-06Fh -ABANK1=0A0h-0EFh -ABANK2=0110h-016Fh \
  -ABANK3=0190h-01EFh -ARAM=020h-06Fh,0A0h-0EFh,0110h-016Fh,0190h-01EFh \
  -AABS1=020h-07Fh,0A0h-0EFh,0110h-016Fh,0190h-01EFh -ASFR0=00h-01Fh \
  -ASFR1=080h-09Fh -ASFR2=0100h-010Fh -ASFR3=0180h-018Fh \
  -ACONFIG=02007h-02008h -DCONFIG=2 -AIDLOC=02000h-02003h -DIDLOC=2 \
  -AEEDATA=00h-0FFh/02100h -peeprom_data=EEDATA -DEEDATA=2 -DCODE=2 \
  -DSTRCODE=2 -DSTRING=2 -DCONST=2 -DENTRY=2 \
  -preset_vec=00h,intentry=04h,init,end_init -ppowerup=CODE -pcinit=CODE \
  -pfunctab=ENTRY -k C:\Users\carlo\AppData\Local\Temp\xcAsplc.o \
  dist/default/production\Master.X.production.o 

Object code version is 3.11

Machine type is 16F887



                Name                               Link     Load   Length Selector   Space Scale
C:\Users\carlo\AppData\Local\Temp\xcAsplc.o
                end_init                              C        C        3        8       0
                reset_vec                             0        0        3        0       0
                config                             2007     2007        2        0       4
                idloc                              2000     2000        4        0       5
dist/default/production\Master.X.production.o
                cinit                                 F        F       1D        8       0
                intentry                              4        4        8        8       0
                config                             2007     2007        2        0       4
                idloc                              2000     2000        4        0       5
                text13                              230      230       25        8       0
                text12                              2C1      2C1        D        8       0
                text11                              202      202       2E        8       0
                text10                              2E1      2E1        9        8       0
                text9                               2D8      2D8        9        8       0
                text8                               2CE      2CE        A        8       0
                text7                               255      255       22        8       0
                text6                               277      277       1A        8       0
                text5                               2B4      2B4        D        8       0
                text4                               133      133       5D        8       0
                text3                                CB       CB       68        8       0
                text2                               190      190       3A        8       0
                text1                               1CA      1CA       38        8       0
                maintext                             2C       2C       9F        8       0
                cstackBANK0                          39       39       13       20       1
                cstackCOMMON                         70       70        8       70       1
                clrtext                             2EA      2EA        8        8       0
                inittext                            291      291       13        8       0
                dataBANK0                            4C       4C       10       20       1
                bssBANK0                             20       20       19       20       1
                bssCOMMON                            78       78        3       70       1
                idataBANK0                          2A4      2A4       10        8       0

TOTAL           Name                               Link     Load   Length     Space
        CLASS   CODE           
                end_init                              C        C        3         0
                cinit                                 F        F       1D         0
                intentry                              4        4        8         0
                reset_vec                             0        0        3         0
                text13                              230      230       25         0
                text12                              2C1      2C1        D         0
                text11                              202      202       2E         0
                text10                              2E1      2E1        9         0
                text9                               2D8      2D8        9         0
                text8                               2CE      2CE        A         0
                text7                               255      255       22         0
                text6                               277      277       1A         0
                text5                               2B4      2B4        D         0
                text4                               133      133       5D         0
                text3                                CB       CB       68         0
                text2                               190      190       3A         0
                text1                               1CA      1CA       38         0
                maintext                             2C       2C       9F         0
                clrtext                             2EA      2EA        8         0
                inittext                            291      291       13         0
                idataBANK0                          2A4      2A4       10         0

        CLASS   STRCODE        

        CLASS   STRING         

        CLASS   CONST          

        CLASS   ENTRY          

        CLASS   COMMON         
                cstackCOMMON                         70       70        8         1
                bssCOMMON                            78       78        3         1

        CLASS   BANK0          
                cstackBANK0                          39       39       13         1
                dataBANK0                            4C       4C       10         1
                bssBANK0                             20       20       19         1

        CLASS   BANK1          

        CLASS   BANK2          

        CLASS   BANK3          

        CLASS   RAM            

        CLASS   ABS1           
                abs_s1                               7E       7E        2         1

        CLASS   SFR0           

        CLASS   SFR1           

        CLASS   SFR2           

        CLASS   SFR3           

        CLASS   CONFIG         
                config                             2007     2007        2         4

        CLASS   IDLOC          
                idloc                              2000     2000        4         5

        CLASS   EEDATA         

        CLASS   STACK          



SEGMENTS        Name                           Load    Length   Top    Selector   Space  Class     Delta

                reset_vec                      000000  000003  000003         0       0  CODE        2
                intentry                       000004  0002EE  0002F2         8       0  CODE        2
                bssBANK0                       000020  00003C  00005C        20       1  BANK0       1
                cstackCOMMON                   000070  00000B  00007B        70       1  COMMON      1


UNUSED ADDRESS RANGES

        Name                Unused          Largest block    Delta
        BANK0            005C-006F             14           1
        BANK1            00A0-00EF             50           1
        BANK2            0110-016F             60           1
        BANK3            0190-01EF             60           1
        CODE             0003-0003              1           2
                         02F2-1FFF            800
        COMMON           007B-007D              3           1
        CONST            0003-0003              1           2
                         02F2-1FFF            100
        EEDATA           2100-21FF            100           2
        ENTRY            0003-0003              1           2
                         02F2-1FFF            100
        RAM              005C-006F             14           1
                         00A0-00EF             50
                         0110-016F             60
                         0190-01EF             60
        SFR0             0000-001F             20           1
        SFR1             0080-009F             20           1
        SFR2             0100-010F             10           1
        SFR3             0180-018F             10           1
        STRCODE          0003-0003              1           2
                         02F2-1FFF           1D0E
        STRING           0003-0003              1           2
                         02F2-1FFF            100

                                  Symbol Table

?_I2C_Master_Read         cstackCOMMON 0072
?___lldiv                 cstackBANK0  0039
I2C_Master_Init@c         cstackBANK0  0041
I2C_Master_Read@a         cstackCOMMON 0072
I2C_Master_Read@temp      cstackCOMMON 0076
I2C_Master_Write@d        cstackCOMMON 0072
Lcd_Cmd@a                 cstackCOMMON 0075
Lcd_Port@a                cstackCOMMON 0072
_ANSEL                    (abs)        0188
_ANSELH                   (abs)        0189
_GIE                      (abs)        005F
_I2C_Master_Init          text2        0190
_I2C_Master_Read          text11       0202
_I2C_Master_Start         text10       02E1
_I2C_Master_Stop          text9        02D8
_I2C_Master_Wait          text12       02C1
_I2C_Master_Write         text8        02CE
_INTCONbits               (abs)        000B
_IOCB                     (abs)        0096
_Lcd_Clear                text5        02B4
_Lcd_Cmd                  text6        0277
_Lcd_Init                 text4        0133
_Lcd_Port                 text7        0255
_OPTION_REGbits           (abs)        0081
_OSCCONbits               (abs)        008F
_PEIE                     (abs)        005E
_PIE1bits                 (abs)        008C
_PIR1bits                 (abs)        000C
_PORTA                    (abs)        0005
_PORTAbits                (abs)        0005
_PORTB                    (abs)        0006
_PORTD                    (abs)        0008
_PORTDbits                (abs)        0008
_PORTE                    (abs)        0009
_RD3                      (abs)        0043
_RD4                      (abs)        0044
_RD5                      (abs)        0045
_RD6                      (abs)        0046
_RD7                      (abs)        0047
_SSPADD                   (abs)        0093
_SSPBUF                   (abs)        0013
_SSPCON                   (abs)        0014
_SSPCON2                  (abs)        0091
_SSPCON2bits              (abs)        0091
_SSPIE                    (abs)        0463
_SSPIF                    (abs)        0063
_SSPSTAT                  (abs)        0094
_TMR0                     (abs)        0001
_TRISA                    (abs)        0085
_TRISB                    (abs)        0086
_TRISC3                   (abs)        043B
_TRISC4                   (abs)        043C
_TRISCbits                (abs)        0087
_TRISD                    (abs)        0088
_TRISE                    (abs)        0089
__Habs1                   abs1         0000
__Hbank0                  bank0        0000
__Hbank1                  bank1        0000
__Hbank2                  bank2        0000
__Hbank3                  bank3        0000
__HbssBANK0               bssBANK0     0000
__HbssCOMMON              bssCOMMON    0000
__Hcinit                  cinit        002C
__Hclrtext                clrtext      0000
__Hcode                   code         0000
__Hcommon                 common       0000
__Hconfig                 config       2009
__HcstackBANK0            cstackBANK0  0000
__HcstackCOMMON           cstackCOMMON 0000
__HdataBANK0              dataBANK0    0000
__Heeprom_data            eeprom_data  0000
__Hend_init               end_init     000F
__Hfunctab                functab      0000
__HidataBANK0             idataBANK0   0000
__Hidloc                  idloc        2004
__Hinit                   init         000C
__Hinittext               inittext     0000
__Hintentry               intentry     000C
__Hmaintext               maintext     0000
__Hpowerup                powerup      0000
__Hram                    ram          0000
__Hreset_vec              reset_vec    0003
__Hsfr0                   sfr0         0000
__Hsfr1                   sfr1         0000
__Hsfr2                   sfr2         0000
__Hsfr3                   sfr3         0000
__Hspace_0                (abs)        02F2
__Hspace_1                (abs)        007B
__Hspace_2                (abs)        0000
__Hspace_3                (abs)        0000
__Hspace_4                (abs)        4010
__Hstack                  stack        0000
__Hstrings                strings      0000
__Htext                   text         0000
__Labs1                   abs1         0000
__Lbank0                  bank0        0000
__Lbank1                  bank1        0000
__Lbank2                  bank2        0000
__Lbank3                  bank3        0000
__LbssBANK0               bssBANK0     0000
__LbssCOMMON              bssCOMMON    0000
__Lcinit                  cinit        000F
__Lclrtext                clrtext      0000
__Lcode                   code         0000
__Lcommon                 common       0000
__Lconfig                 config       0000
__LcstackBANK0            cstackBANK0  0000
__LcstackCOMMON           cstackCOMMON 0000
__LdataBANK0              dataBANK0    0000
__Leeprom_data            eeprom_data  0000
__Lend_init               end_init     000C
__Lfunctab                functab      0000
__LidataBANK0             idataBANK0   0000
__Lidloc                  idloc        0000
__Linit                   init         000C
__Linittext               inittext     0000
__Lintentry               intentry     0004
__Lmaintext               maintext     0000
__Lpowerup                powerup      0000
__Lram                    ram          0000
__Lreset_vec              reset_vec    0000
__Lsfr0                   sfr0         0000
__Lsfr1                   sfr1         0000
__Lsfr2                   sfr2         0000
__Lsfr3                   sfr3         0000
__Lspace_0                (abs)        0000
__Lspace_1                (abs)        0000
__Lspace_2                (abs)        0000
__Lspace_3                (abs)        0000
__Lspace_4                (abs)        0000
__Lstack                  stack        0000
__Lstrings                strings      0000
__Ltext                   text         0000
__S0                      (abs)        02F2
__S1                      (abs)        007B
__S3                      (abs)        0000
___int_sp                 stack        0000
___latbits                (abs)        0002
___lldiv                  text3        00CB
___lldiv@counter          cstackCOMMON 0077
___lldiv@dividend         cstackBANK0  003D
___lldiv@divisor          cstackBANK0  0039
___lldiv@quotient         cstackCOMMON 0073
___sp                     stack        0000
___stackhi                (abs)        0000
___stacklo                (abs)        0000
__end_of_I2C_Master_Init  text2        01CA
__end_of_I2C_Master_Read  text11       0230
__end_of_I2C_Master_Start text10       02EA
__end_of_I2C_Master_Stop  text9        02E1
__end_of_I2C_Master_Wait  text12       02CE
__end_of_I2C_Master_Write text8        02D8
__end_of_Lcd_Clear        text5        02C1
__end_of_Lcd_Cmd          text6        0291
__end_of_Lcd_Init         text4        0190
__end_of_Lcd_Port         text7        0277
__end_of___lldiv          text3        0133
__end_of__initialization  cinit        0028
__end_of_isr              text13       0255
__end_of_main             maintext     00CB
__end_of_setup            text1        0202
__initialization          cinit        000F
__pbssBANK0               bssBANK0     0020
__pbssCOMMON              bssCOMMON    0078
__pcstackBANK0            cstackBANK0  0039
__pcstackCOMMON           cstackCOMMON 0070
__pdataBANK0              dataBANK0    004C
__pidataBANK0             idataBANK0   02A4
__pintentry               intentry     0004
__pmaintext               maintext     002C
__ptext1                  text1        01CA
__ptext10                 text10       02E1
__ptext11                 text11       0202
__ptext12                 text12       02C1
__ptext13                 text13       0230
__ptext2                  text2        0190
__ptext3                  text3        00CB
__ptext4                  text4        0133
__ptext5                  text5        02B4
__ptext6                  text6        0277
__ptext7                  text7        0255
__ptext8                  text8        02CE
__ptext9                  text9        02D8
_espacios                 bssBANK0     0032
_isr                      text13       0230
_main                     maintext     002C
_proximidad               dataBANK0    005A
_setup                    text1        01CA
btemp                     (abs)        007E
clear_ram0                clrtext      02EA
end_of_initialization     cinit        0028
init_fetch0               inittext     0291
init_ram0                 inittext     0295
interrupt_function        intentry     0004
intlevel0                 functab      0000
intlevel1                 functab      0000
intlevel2                 functab      0000
intlevel3                 functab      0000
intlevel4                 functab      0000
intlevel5                 functab      0000
reset_vec                 reset_vec    0000
saved_w                   (abs)        007E
start                     init         000C
start_initialization      cinit        000F
wtemp0                    (abs)        007E


MODULE INFORMATION

Module		Function		Class		Link	Load	Size
C:\Program Files\Microchip\xc8\v2.40\pic\sources\c90\common\__lldiv.c
		___lldiv       		CODE           	00CB	0000	104

C:\Program Files\Microchip\xc8\v2.40\pic\sources\c90\common\__lldiv.c estimated size: 104

shared
		__initialization		CODE           	000F	0000	25

shared estimated size: 25

IIC.c
		_I2C_Master_Read		CODE           	0202	0000	46
		_I2C_Master_Wait		CODE           	02C1	0000	13
		_I2C_Master_Init		CODE           	0190	0000	58
		_I2C_Master_Stop		CODE           	02D8	0000	9
		_I2C_Master_Write		CODE           	02CE	0000	10
		_I2C_Master_Start		CODE           	02E1	0000	9

IIC.c estimated size: 145

main.c
		_main          		CODE           	002C	0000	159
		_isr           		CODE           	0230	0000	37
		_setup         		CODE           	01CA	0000	56

main.c estimated size: 252

LCD.c
		_Lcd_Init      		CODE           	0133	0000	93
		_Lcd_Cmd       		CODE           	0277	0000	26
		_Lcd_Clear     		CODE           	02B4	0000	13
		_Lcd_Port      		CODE           	0255	0000	34

LCD.c estimated size: 166

