Microchip MPLAB XC8 Compiler V2.40

Linker command line:

-W-3 \
  --edf=C:\Program Files\Microchip\xc8\v2.40\pic\dat\20220703182018_en.msgs \
  -cn -h+dist/default/production\Slave_Temperature.X.production.sym \
  --cmf=dist/default/production\Slave_Temperature.X.production.cmf -z \
  -Q16F887 -oC:\Users\carlo\AppData\Local\Temp\xcAs9d4.4 \
  --defsym=__MPLAB_BUILD=1 --fixupoverflow=error \
  -Mdist/default/production/Slave_Temperature.X.production.map \
  --md=C:\Users\carlo\AppData\Local\Temp\xcAs9d4.dat -E1 -ver=XC8 Compiler \
  --acfsm=1493 -ACODE=00h-07FFhx4 -ASTRCODE=00h-01FFFh -ASTRING=00h-0FFhx32 \
  -ACONST=00h-0FFhx32 -AENTRY=00h-0FFhx32 -ACOMMON=070h-07Fh \
  -ABANK0=020h-06Fh -ABANK1=0A0h-0EFh -ABANK2=0110h-016Fh \
  -ABANK3=0190h-01EFh -ARAM=020h-06Fh,0A0h-0EFh,0110h-016Fh,0190h-01EFh \
  -AABS1=020h-07Fh,0A0h-0EFh,0110h-016Fh,0190h-01EFh -ASFR0=00h-01Fh \
  -ASFR1=080h-09Fh -ASFR2=0100h-010Fh -ASFR3=0180h-018Fh \
  -ACONFIG=02007h-02008h -DCONFIG=2 -AIDLOC=02000h-02003h -DIDLOC=2 \
  -AEEDATA=00h-0FFh/02100h -peeprom_data=EEDATA -DEEDATA=2 -DCODE=2 \
  -DSTRCODE=2 -DSTRING=2 -DCONST=2 -DENTRY=2 \
  -preset_vec=00h,intentry=04h,init,end_init -ppowerup=CODE -pcinit=CODE \
  -pfunctab=ENTRY -k C:\Users\carlo\AppData\Local\Temp\xcAs9d4.o \
  dist/default/production\Slave_Temperature.X.production.o 

Object code version is 3.11

Machine type is 16F887



                Name                               Link     Load   Length Selector   Space Scale
C:\Users\carlo\AppData\Local\Temp\xcAs9d4.o
                end_init                             10       10        3        8       0
                reset_vec                             0        0        3        0       0
                config                             2007     2007        2        0       4
                idloc                              2000     2000        4        0       5
dist/default/production\Slave_Temperature.X.production.o
                cinit                                13       13       13        8       0
                intentry                              4        4        C        8       0
                config                             2007     2007        2        0       4
                idloc                              2000     2000        4        0       5
                text11                              634      634       76        8       0
                text10                              6AA      6AA       53        8       0
                text9                               6FD      6FD       3E        8       0
                text8                               76C      76C       1B        8       0
                text7                                26       26      258        8       0
                text6                               27E      27E      1D3        8       0
                text5                               451      451       B8        8       0
                text4                               509      509       B1        8       0
                text3                               5BA      5BA       7A        8       0
                text2                               787      787       1A        8       0
                text1                               73B      73B       31        8       0
                maintext                            7A1      7A1        9        8       0
                cstackBANK0                          20       20       3A       20       1
                cstackCOMMON                         70       70        E       70       1
                cstackBANK1                          A0       A0        1       A0       1
                bssBANK0                             5A       5A        D       20       1

TOTAL           Name                               Link     Load   Length     Space
        CLASS   CODE           
                end_init                             10       10        3         0
                cinit                                13       13       13         0
                intentry                              4        4        C         0
                reset_vec                             0        0        3         0
                text11                              634      634       76         0
                text10                              6AA      6AA       53         0
                text9                               6FD      6FD       3E         0
                text8                               76C      76C       1B         0
                text7                                26       26      258         0
                text6                               27E      27E      1D3         0
                text5                               451      451       B8         0
                text4                               509      509       B1         0
                text3                               5BA      5BA       7A         0
                text2                               787      787       1A         0
                text1                               73B      73B       31         0
                maintext                            7A1      7A1        9         0

        CLASS   STRCODE        

        CLASS   STRING         

        CLASS   CONST          

        CLASS   ENTRY          

        CLASS   COMMON         
                cstackCOMMON                         70       70        E         1

        CLASS   BANK0          
                cstackBANK0                          20       20       3A         1
                bssBANK0                             5A       5A        D         1

        CLASS   BANK1          
                cstackBANK1                          A0       A0        1         1

        CLASS   BANK2          

        CLASS   BANK3          

        CLASS   RAM            

        CLASS   ABS1           
                abs_s1                               7E       7E        2         1

        CLASS   SFR0           

        CLASS   SFR1           

        CLASS   SFR2           

        CLASS   SFR3           

        CLASS   CONFIG         
                config                             2007     2007        2         4

        CLASS   IDLOC          
                idloc                              2000     2000        4         5

        CLASS   EEDATA         

        CLASS   STACK          



SEGMENTS        Name                           Load    Length   Top    Selector   Space  Class     Delta

                reset_vec                      000000  000003  000003         0       0  CODE        2
                intentry                       000004  0007A6  0007AA         8       0  CODE        2
                cstackBANK0                    000020  000047  000067        20       1  BANK0       1
                cstackCOMMON                   000070  00000E  00007E        70       1  COMMON      1
                cstackBANK1                    0000A0  000001  0000A1        A0       1  BANK1       1


UNUSED ADDRESS RANGES

        Name                Unused          Largest block    Delta
        BANK0            0067-006F              9           1
        BANK1            00A1-00EF             4F           1
        BANK2            0110-016F             60           1
        BANK3            0190-01EF             60           1
        CODE             0003-0003              1           2
                         07AA-1FFF            800
        CONST            0003-0003              1           2
                         07AA-1FFF            100
        EEDATA           2100-21FF            100           2
        ENTRY            0003-0003              1           2
                         07AA-1FFF            100
        RAM              0067-006F              9           1
                         00A1-00EF             4F
                         0110-016F             60
                         0190-01EF             60
        SFR0             0000-001F             20           1
        SFR1             0080-009F             20           1
        SFR2             0100-010F             10           1
        SFR3             0180-018F             10           1
        STRCODE          0003-0003              1           2
                         07AA-1FFF           1856
        STRING           0003-0003              1           2
                         07AA-1FFF            100

                                  Symbol Table

?_DHT11_Read             cstackCOMMON 0070
?_DHT11_Response         cstackCOMMON 0070
?___fladd                cstackBANK0  003A
?___fldiv                cstackBANK0  0020
?___fltol                cstackCOMMON 0070
?___xxtofl               cstackCOMMON 0070
DHT11_Read@_data         cstackCOMMON 0075
DHT11_Read@i             cstackCOMMON 0077
I2C_Slave_Init@address   cstackBANK1  00A0
_ANSEL                   (abs)        0188
_ANSELH                  (abs)        0189
_DHT11_Read              text10       06AA
_DHT11_Response          text9        06FD
_DHT11_Start             text8        076C
_GIE                     (abs)        005F
_I2C_Slave_Init          text2        0787
_INTCONbits              (abs)        000B
_OSCCONbits              (abs)        008F
_PEIE                    (abs)        005E
_PIE1bits                (abs)        008C
_PIR1bits                (abs)        000C
_PORTA                   (abs)        0005
_PORTB                   (abs)        0006
_PORTD                   (abs)        0008
_PORTDbits               (abs)        0008
_PORTE                   (abs)        0009
_SSPADD                  (abs)        0093
_SSPBUF                  (abs)        0013
_SSPCON                  (abs)        0014
_SSPCON2                 (abs)        0091
_SSPCON2bits             (abs)        0091
_SSPCONbits              (abs)        0014
_SSPIE                   (abs)        0463
_SSPIF                   (abs)        0063
_SSPSTAT                 (abs)        0094
_SSPSTATbits             (abs)        0094
_T1CONbits               (abs)        0010
_TMR1                    (abs)        000E
_TRISA                   (abs)        0085
_TRISB                   (abs)        0086
_TRISCbits               (abs)        0087
_TRISD                   (abs)        0088
_TRISDbits               (abs)        0088
_TRISE                   (abs)        0089
__Habs1                  abs1         0000
__Hbank0                 bank0        0000
__Hbank1                 bank1        0000
__Hbank2                 bank2        0000
__Hbank3                 bank3        0000
__HbssBANK0              bssBANK0     0000
__Hcinit                 cinit        0026
__Hclrtext               clrtext      0000
__Hcode                  code         0000
__Hcommon                common       0000
__Hconfig                config       2009
__HcstackBANK0           cstackBANK0  0000
__HcstackBANK1           cstackBANK1  0000
__HcstackCOMMON          cstackCOMMON 0000
__Heeprom_data           eeprom_data  0000
__Hend_init              end_init     0013
__Hfunctab               functab      0000
__Hidloc                 idloc        2004
__Hinit                  init         0010
__Hintentry              intentry     0010
__Hmaintext              maintext     0000
__Hpowerup               powerup      0000
__Hram                   ram          0000
__Hreset_vec             reset_vec    0003
__Hsfr0                  sfr0         0000
__Hsfr1                  sfr1         0000
__Hsfr2                  sfr2         0000
__Hsfr3                  sfr3         0000
__Hspace_0               (abs)        07AA
__Hspace_1               (abs)        00A1
__Hspace_2               (abs)        0000
__Hspace_3               (abs)        0000
__Hspace_4               (abs)        4010
__Hstack                 stack        0000
__Hstrings               strings      0000
__Htext                  text         0000
__Labs1                  abs1         0000
__Lbank0                 bank0        0000
__Lbank1                 bank1        0000
__Lbank2                 bank2        0000
__Lbank3                 bank3        0000
__LbssBANK0              bssBANK0     0000
__Lcinit                 cinit        0013
__Lclrtext               clrtext      0000
__Lcode                  code         0000
__Lcommon                common       0000
__Lconfig                config       0000
__LcstackBANK0           cstackBANK0  0000
__LcstackBANK1           cstackBANK1  0000
__LcstackCOMMON          cstackCOMMON 0000
__Leeprom_data           eeprom_data  0000
__Lend_init              end_init     0010
__Lfunctab               functab      0000
__Lidloc                 idloc        0000
__Linit                  init         0010
__Lintentry              intentry     0004
__Lmaintext              maintext     0000
__Lpowerup               powerup      0000
__Lram                   ram          0000
__Lreset_vec             reset_vec    0000
__Lsfr0                  sfr0         0000
__Lsfr1                  sfr1         0000
__Lsfr2                  sfr2         0000
__Lsfr3                  sfr3         0000
__Lspace_0               (abs)        0000
__Lspace_1               (abs)        0000
__Lspace_2               (abs)        0000
__Lspace_3               (abs)        0000
__Lspace_4               (abs)        0000
__Lstack                 stack        0000
__Lstrings               strings      0000
__Ltext                  text         0000
__S0                     (abs)        07AA
__S1                     (abs)        00A1
__S3                     (abs)        0000
___fladd                 text7        0026
___fladd@a               cstackBANK0  003E
___fladd@aexp            cstackBANK0  004B
___fladd@b               cstackBANK0  003A
___fladd@bexp            cstackBANK0  004C
___fladd@grs             cstackBANK0  004D
___fladd@signs           cstackBANK0  004A
___fldiv                 text6        027E
___fldiv@a               cstackBANK0  0020
___fldiv@aexp            cstackBANK0  0039
___fldiv@b               cstackBANK0  0024
___fldiv@bexp            cstackBANK0  0038
___fldiv@grs             cstackBANK0  0034
___fldiv@new_exp         cstackBANK0  0032
___fldiv@rem             cstackBANK0  002D
___fldiv@sign            cstackBANK0  0031
___fltol                 text11       0634
___fltol@exp1            cstackCOMMON 0079
___fltol@f1              cstackCOMMON 0070
___fltol@sign1           cstackCOMMON 0078
___int_sp                stack        0000
___latbits               (abs)        0002
___sp                    stack        0000
___stackhi               (abs)        0000
___stacklo               (abs)        0000
___xxtofl                text5        0451
___xxtofl@arg            cstackCOMMON 007A
___xxtofl@exp            cstackCOMMON 0079
___xxtofl@sign           cstackCOMMON 0078
___xxtofl@val            cstackCOMMON 0070
__end_of_DHT11_Read      text10       06FD
__end_of_DHT11_Response  text9        073B
__end_of_DHT11_Start     text8        0787
__end_of_I2C_Slave_Init  text2        07A1
__end_of___fladd         text7        027E
__end_of___fldiv         text6        0451
__end_of___fltol         text11       06AA
__end_of___xxtofl        text5        0509
__end_of__initialization cinit        0022
__end_of_isr             text3        0634
__end_of_main            maintext     07AA
__end_of_readTemp        text4        05BA
__end_of_setup           text1        076C
__initialization         cinit        0013
__pbssBANK0              bssBANK0     005A
__pcstackBANK0           cstackBANK0  0020
__pcstackBANK1           cstackBANK1  00A0
__pcstackCOMMON          cstackCOMMON 0070
__pintentry              intentry     0004
__pmaintext              maintext     07A1
__ptext1                 text1        073B
__ptext10                text10       06AA
__ptext11                text11       0634
__ptext2                 text2        0787
__ptext3                 text3        05BA
__ptext4                 text4        0509
__ptext5                 text5        0451
__ptext6                 text6        027E
__ptext7                 text7        0026
__ptext8                 text8        076C
__ptext9                 text9        06FD
_check                   bssBANK0     0061
_humedad                 bssBANK0     0066
_humedad_dec             bssBANK0     0065
_isr                     text3        05BA
_main                    maintext     07A1
_paridad                 bssBANK0     0062
_readTemp                text4        0509
_setup                   text1        073B
_temperatura             bssBANK0     0064
_temperatura_dec         bssBANK0     0063
_temperature             bssBANK0     005A
_timeout                 bssBANK0     005E
_z                       bssBANK0     0060
btemp                    (abs)        007E
end_of_initialization    cinit        0022
interrupt_function       intentry     0004
intlevel0                functab      0000
intlevel1                functab      0000
intlevel2                functab      0000
intlevel3                functab      0000
intlevel4                functab      0000
intlevel5                functab      0000
reset_vec                reset_vec    0000
saved_w                  (abs)        007E
start                    init         0010
start_initialization     cinit        0013
wtemp0                   (abs)        007E


MODULE INFORMATION

Module		Function		Class		Link	Load	Size
C:\Program Files\Microchip\xc8\v2.40\pic\sources\c90\common\fltol.c
		___fltol       		CODE           	0634	0000	118

C:\Program Files\Microchip\xc8\v2.40\pic\sources\c90\common\fltol.c estimated size: 118

C:\Program Files\Microchip\xc8\v2.40\pic\sources\c90\common\sprcdiv.c
		___fldiv       		CODE           	027E	0000	467

C:\Program Files\Microchip\xc8\v2.40\pic\sources\c90\common\sprcdiv.c estimated size: 467

DHT11.c
		_DHT11_Start   		CODE           	076C	0000	27
		_DHT11_Read    		CODE           	06AA	0000	83
		_DHT11_Response		CODE           	06FD	0000	62

DHT11.c estimated size: 172

shared
		__initialization		CODE           	0013	0000	15

shared estimated size: 15

C:\Program Files\Microchip\xc8\v2.40\pic\sources\c90\common\sprcadd.c
		___fladd       		CODE           	0026	0000	600

C:\Program Files\Microchip\xc8\v2.40\pic\sources\c90\common\sprcadd.c estimated size: 600

IIC.c
		_I2C_Slave_Init		CODE           	0787	0000	26

IIC.c estimated size: 26

main.c
		_main          		CODE           	07A1	0000	9
		_readTemp      		CODE           	0509	0000	177
		_isr           		CODE           	05BA	0000	122
		_setup         		CODE           	073B	0000	49

main.c estimated size: 357

C:\Program Files\Microchip\xc8\v2.40\pic\sources\c90\common\xxtofl.c
		___xxtofl      		CODE           	0451	0000	184

C:\Program Files\Microchip\xc8\v2.40\pic\sources\c90\common\xxtofl.c estimated size: 184

